// Jest Snapshot v1, https://goo.gl/fbAQLP

exports[`renders correctly 1`] = `
<li>
  <a
    className="icon"
    href="https://test.com"
  >
    <img
      alt="test"
      src="test.png"
    />
  </a>
</li>
`;
