// Jest Snapshot v1, https://goo.gl/fbAQLP

exports[`renders correctly 1`] = `
<Card
  classes="container"
>
  <div
    className="pagination"
  />
</Card>
`;
